[usdtchecks.in/index.html]
[usdtchecks.in/_next/static/media/569ce4b8f30dc480-s.p.woff2]
[usdtchecks.in/_next/static/media/93f479601ee12b01-s.p.woff2]
[usdtchecks.in/_next/static/css/7912cfd7a623f718.css]
[usdtchecks.in/_next/static/chunks/webpack-8e462a901faadc08.js]
[usdtchecks.in/_next/static/chunks/4bd1b696-efa30236807ec445.js]
[usdtchecks.in/_next/static/chunks/684-6077d1aaf282eec9.js]
[usdtchecks.in/_next/static/chunks/main-app-bdff1c82851a68ad.js]
[usdtchecks.in/_next/static/chunks/app/layout-2ac6e0414f1017c2.js]
[usdtchecks.in/_next/static/chunks/30a37ab2-eac7b5ad2db96b61.js]
[usdtchecks.in/_next/static/chunks/59650de3-c61c4f16206ae741.js]
[usdtchecks.in/_next/static/chunks/479ba886-ac2939dbc494f681.js]
[usdtchecks.in/_next/static/chunks/375-372944e2fd4da8e1.js]
[backblue.gif]
[fade.gif]
[index.html]
[usdtchecks.in/_next/static/chunks/app/page-7a19d1cbfaabb3df.js]
[usdtchecks.in/index.html]
[usdtchecks.in/_next/static/chunks/polyfills-42372ed130431b0a.js]
[usdtchecks.in/_next/static/media/8d697b304b401681-s.woff2]
[usdtchecks.in/_next/static/media/ba015fad6dcf6784-s.woff2]
[usdtchecks.in/_next/static/media/9610d9e46709d722-s.woff2]
[usdtchecks.in/_next/static/media/747892c23ea88013-s.woff2]
[usdtchecks.in/_next/static/css/7912cfd7a623f718.css]
